------- System Config Soundcard Log --------
Tue Sep 22 13:07:47 EDT 2009

------- lspci --------
00:00.0 Host bridge: Intel Corporation E7505 Memory Controller Hub (rev 03)
00:00.1 Class ff00: Intel Corporation E7505/E7205 Series RAS Controller (rev 03)
00:01.0 PCI bridge: Intel Corporation E7505/E7205 PCI-to-AGP Bridge (rev 03)
00:1d.0 USB Controller: Intel Corporation 82801DB/DBL/DBM (ICH4/ICH4-L/ICH4-M) USB UHCI Controller #1 (rev 02)
00:1d.1 USB Controller: Intel Corporation 82801DB/DBL/DBM (ICH4/ICH4-L/ICH4-M) USB UHCI Controller #2 (rev 02)
00:1d.2 USB Controller: Intel Corporation 82801DB/DBL/DBM (ICH4/ICH4-L/ICH4-M) USB UHCI Controller #3 (rev 02)
00:1d.7 USB Controller: Intel Corporation 82801DB/DBM (ICH4/ICH4-M) USB2 EHCI Controller (rev 02)
00:1e.0 PCI bridge: Intel Corporation 82801 PCI Bridge (rev 82)
00:1f.0 ISA bridge: Intel Corporation 82801DB/DBL (ICH4/ICH4-L) LPC Interface Bridge (rev 02)
00:1f.1 IDE interface: Intel Corporation 82801DB (ICH4) IDE Controller (rev 02)
00:1f.3 SMBus: Intel Corporation 82801DB/DBL/DBM (ICH4/ICH4-L/ICH4-M) SMBus Controller (rev 02)
01:00.0 VGA compatible controller: nVidia Corporation NV15 [GeForce2 GTS/Pro] (rev a4)
02:03.0 Ethernet controller: Intel Corporation 82540EM Gigabit Ethernet Controller (rev 02)
02:08.0 RAID bus controller: Adaptec AAC-RAID (rev 01)

------- lspci -vn --------
00:00.0 0600: 8086:2550 (rev 03)
	Subsystem: 10f1:2668
	Flags: bus master, fast devsel, latency 0
	Memory at e0000000 (32-bit, prefetchable) [size=128M]
	Capabilities: [40] Vendor Specific Information
	Capabilities: [a0] AGP version 3.0

00:00.1 ff00: 8086:2551 (rev 03)
	Subsystem: 10f1:2668
	Flags: fast devsel

00:01.0 0604: 8086:2552 (rev 03)
	Flags: bus master, 66MHz, fast devsel, latency 64
	Memory at e8000000 (32-bit, prefetchable) [size=128M]
	Bus: primary=00, secondary=01, subordinate=01, sec-latency=0
	Memory behind bridge: d9000000-d9ffffff
	Prefetchable memory behind bridge: f0000000-f7ffffff
	Capabilities: [60] AGP version 3.5

00:1d.0 0c03: 8086:24c2 (rev 02)
	Subsystem: 10f1:2668
	Flags: bus master, medium devsel, latency 0, IRQ 185
	I/O ports at 1400 [size=32]

00:1d.1 0c03: 8086:24c4 (rev 02)
	Subsystem: 10f1:2668
	Flags: bus master, medium devsel, latency 0, IRQ 193
	I/O ports at 1420 [size=32]

00:1d.2 0c03: 8086:24c7 (rev 02)
	Subsystem: 10f1:2668
	Flags: bus master, medium devsel, latency 0, IRQ 169
	I/O ports at 1440 [size=32]

00:1d.7 0c03: 8086:24cd (rev 02) (prog-if 20)
	Subsystem: 10f1:2668
	Flags: bus master, medium devsel, latency 0, IRQ 177
	Memory at d8000000 (32-bit, non-prefetchable) [size=1K]
	Capabilities: [50] Power Management version 2
	Capabilities: [58] Debug port

00:1e.0 0604: 8086:244e (rev 82)
	Flags: bus master, fast devsel, latency 0
	Bus: primary=00, secondary=02, subordinate=02, sec-latency=32
	I/O behind bridge: 00002000-00002fff
	Memory behind bridge: da000000-da0fffff
	Prefetchable memory behind bridge: f8000000-fbffffff

00:1f.0 0601: 8086:24c0 (rev 02)
	Flags: bus master, medium devsel, latency 0

00:1f.1 0101: 8086:24cb (rev 02) (prog-if 8a)
	Subsystem: 10f1:2668
	Flags: bus master, medium devsel, latency 0, IRQ 169
	I/O ports at <unassigned>
	I/O ports at <unassigned>
	I/O ports at <unassigned>
	I/O ports at <unassigned>
	I/O ports at 1480 [size=16]
	Memory at 88000000 (32-bit, non-prefetchable) [size=1K]

00:1f.3 0c05: 8086:24c3 (rev 02)
	Subsystem: 10f1:2668
	Flags: medium devsel, IRQ 201
	I/O ports at 1460 [size=32]

01:00.0 0300: 10de:0150 (rev a4)
	Subsystem: 10de:002e
	Flags: bus master, 66MHz, medium devsel, latency 40, IRQ 11
	Memory at d9000000 (32-bit, non-prefetchable) [size=16M]
	Memory at f0000000 (32-bit, prefetchable) [size=128M]
	Capabilities: [60] Power Management version 1
	Capabilities: [44] AGP version 2.0

02:03.0 0200: 8086:100e (rev 02)
	Subsystem: 10f1:1234
	Flags: bus master, 66MHz, medium devsel, latency 252, IRQ 169
	Memory at da000000 (32-bit, non-prefetchable) [size=128K]
	I/O ports at 2000 [size=64]
	Capabilities: [dc] Power Management version 2
	Capabilities: [e4] PCI-X non-bridge device
	Capabilities: [f0] Message Signalled Interrupts: 64bit+ Queue=0/0 Enable-

02:08.0 0104: 9005:0285 (rev 01)
	Subsystem: 103c:3227
	Flags: bus master, 66MHz, slow devsel, latency 64, IRQ 193
	Memory at f8000000 (32-bit, prefetchable) [size=64M]
	[virtual] Expansion ROM at da020000 [disabled] [size=32K]
	Capabilities: [80] Power Management version 2

------- lsmod --------
Module                  Size  Used by
autofs4                24261  2 
hidp                   23105  2 
rfcomm                 42457  0 
l2cap                  29505  10 hidp,rfcomm
bluetooth              53797  5 hidp,rfcomm,l2cap
sunrpc                144765  1 
ip_conntrack_netbios_ns     6977  0 
ipt_REJECT              9537  1 
xt_state                6209  2 
ip_conntrack           52897  2 ip_conntrack_netbios_ns,xt_state
nfnetlink              10713  1 ip_conntrack
iptable_filter          7105  1 
ip_tables              17029  1 iptable_filter
ip6t_REJECT             9409  1 
xt_tcpudp               7105  10 
ip6table_filter         6849  1 
ip6_tables             18053  1 ip6table_filter
x_tables               17349  6 ipt_REJECT,xt_state,ip_tables,ip6t_REJECT,xt_tcpudp,ip6_tables
dm_multipath           24013  0 
scsi_dh                11713  1 dm_multipath
video                  21193  0 
hwmon                   7365  0 
backlight              10049  1 video
sbs                    18533  0 
i2c_ec                  9025  1 sbs
button                 10705  0 
battery                13637  0 
asus_acpi              19289  0 
ac                      9157  0 
ipv6                  261473  29 ip6t_REJECT
xfrm_nalgo             13381  1 ipv6
crypto_api             12609  1 xfrm_nalgo
lp                     15849  0 
ide_cd                 40161  0 
snd_mpu401             12265  0 
snd_mpu401_uart        12097  1 snd_mpu401
i2c_i801               11725  0 
e7xxx_edac              9921  0 
snd_rawmidi            26561  1 snd_mpu401_uart
snd_seq_device         11725  1 snd_rawmidi
snd                    55237  4 snd_mpu401,snd_mpu401_uart,snd_rawmidi,snd_seq_device
cdrom                  36577  1 ide_cd
edac_mc                26257  1 e7xxx_edac
i2c_core               23745  2 i2c_ec,i2c_i801
parport_pc             29157  1 
parport                37513  2 lp,parport_pc
ns558                   9025  0 
gameport               18633  2 ns558
e1000                 115285  0 
soundcore              11553  1 snd
sg                     36189  0 
pcspkr                  7105  0 
dm_raid45              66509  0 
dm_message              6977  1 dm_raid45
dm_region_hash         15681  1 dm_raid45
dm_mem_cache            9537  1 dm_raid45
dm_snapshot            22245  0 
dm_zero                 6209  0 
dm_mirror              22981  0 
dm_log                 14529  3 dm_raid45,dm_region_hash,dm_mirror
dm_mod                 62201  17 dm_multipath,dm_raid45,dm_snapshot,dm_zero,dm_mirror,dm_log
ata_piix               23621  0 
libata                156677  1 ata_piix
aacraid                66121  2 
sd_mod                 25153  3 
scsi_mod              141589  5 scsi_dh,sg,libata,aacraid,sd_mod
ext3                  124233  5 
jbd                    56937  1 ext3
uhci_hcd               25421  0 
ohci_hcd               24681  0 
ehci_hcd               33357  0 

------- /etc/modprobe.conf --------
alias eth0 e1000
alias scsi_hostadapter aacraid
alias scsi_hostadapter1 ata_piix
alias snd-card-0 snd-mpu401
options snd-card-0 index=0
options snd-mpu401 index=0
remove snd-mpu401 { /usr/sbin/alsactl store 0 >/dev/null 2>&1 || : ; }; /sbin/modprobe -r --ignore-remove snd-mpu401

------- /etc/asound.conf --------


------- aplay -l --------
aplay: device_list:236: snd_ctl_pcm_next_device
**** List of PLAYBACK Hardware Devices ****

------- amixer --------


------- /proc/asound/version --------
Advanced Linux Sound Architecture Driver Version 1.0.14rc3 (Wed Mar 14 07:25:50 2007 UTC).

------- rpm -q alsa-lib --------
alsa-lib-1.0.17-1.el5

------- rpm -q alsa-utils --------
alsa-utils-1.0.17-1.el5

------- /proc/asound/modules --------
 1 snd_mpu401

------- /proc/asound/pcm --------


------- /etc/sysconfig/hwconf --------
-
class: OTHER
bus: PCI
detached: 0
driver: i2c-i801
desc: "Intel Corporation 82801DB/DBL/DBM (ICH4/ICH4-L/ICH4-M) SMBus Controller"
vendorId: 8086
deviceId: 24c3
subVendorId: 10f1
subDeviceId: 2668
pciType: 1
pcidom:    0
pcibus:  0
pcidev: 1f
pcifn:  3
-
class: OTHER
bus: PCI
detached: 0
driver: intel-rng
desc: "Intel Corporation 82801DB/DBL (ICH4/ICH4-L) LPC Interface Bridge"
vendorId: 8086
deviceId: 24c0
subVendorId: 0000
subDeviceId: 0000
pciType: 1
pcidom:    0
pcibus:  0
pcidev: 1f
pcifn:  0
-
class: OTHER
bus: PCI
detached: 0
desc: "Intel Corporation 82801 PCI Bridge"
vendorId: 8086
deviceId: 244e
subVendorId: 0000
subDeviceId: 0000
pciType: 1
pcidom:    0
pcibus:  0
pcidev: 1e
pcifn:  0
-
class: OTHER
bus: PCI
detached: 0
desc: "Intel Corporation E7505/E7205 PCI-to-AGP Bridge"
vendorId: 8086
deviceId: 2552
subVendorId: 0000
subDeviceId: 0000
pciType: 1
pcidom:    0
pcibus:  0
pcidev:  1
pcifn:  0
-
class: OTHER
bus: PCI
detached: 0
desc: "Intel Corporation E7505/E7205 Series RAS Controller"
vendorId: 8086
deviceId: 2551
subVendorId: 10f1
subDeviceId: 2668
pciType: 1
pcidom:    0
pcibus:  0
pcidev:  0
pcifn:  1
-
class: OTHER
bus: ISAPNP
detached: 0
desc: "INT0800"
deviceId: INT0800
-
class: OTHER
bus: PCI
detached: 0
driver: e7xxx_edac
desc: "Intel Corporation E7505 Memory Controller Hub"
vendorId: 8086
deviceId: 2550
subVendorId: 10f1
subDeviceId: 2668
pciType: 1
pcidom:    0
pcibus:  0
pcidev:  0
pcifn:  0
-
class: OTHER
bus: USB
detached: 0
desc: "Linux 2.6.18-128.el5 ehci_hcd EHCI Host Controller"
usbclass: 9
usbsubclass: 0
usbprotocol: 0
usbbus: 1
usblevel: 0
usbport: 0
usbdev: 1
vendorId: 0000
deviceId: 0000
usbmfr: Linux 2.6.18-128.el5 ehci_hcd
usbprod: EHCI Host Controller
-
class: OTHER
bus: USB
detached: 0
desc: "Linux 2.6.18-128.el5 uhci_hcd UHCI Host Controller"
usbclass: 9
usbsubclass: 0
usbprotocol: 0
usbbus: 2
usblevel: 0
usbport: 0
usbdev: 1
vendorId: 0000
deviceId: 0000
usbmfr: Linux 2.6.18-128.el5 uhci_hcd
usbprod: UHCI Host Controller
-
class: OTHER
bus: USB
detached: 0
desc: "Linux 2.6.18-128.el5 uhci_hcd UHCI Host Controller"
usbclass: 9
usbsubclass: 0
usbprotocol: 0
usbbus: 3
usblevel: 0
usbport: 0
usbdev: 1
vendorId: 0000
deviceId: 0000
usbmfr: Linux 2.6.18-128.el5 uhci_hcd
usbprod: UHCI Host Controller
-
class: OTHER
bus: USB
detached: 0
desc: "Linux 2.6.18-128.el5 uhci_hcd UHCI Host Controller"
usbclass: 9
usbsubclass: 0
usbprotocol: 0
usbbus: 4
usblevel: 0
usbport: 0
usbdev: 1
vendorId: 0000
deviceId: 0000
usbmfr: Linux 2.6.18-128.el5 uhci_hcd
usbprod: UHCI Host Controller
-
class: OTHER
bus: USB
detached: 0
desc: "NMB Dell USB 7HK Keyboard"
usbclass: 3
usbsubclass: 0
usbprotocol: 0
usbbus: 3
usblevel: 2
usbport: 0
usbdev: 3
vendorId: 413c
deviceId: 2001
usbmfr: NMB
usbprod: Dell USB 7HK Keyboard
-
class: OTHER
bus: USB
detached: 0
desc: "NMB Dell USB Keyboard Hub"
usbclass: 9
usbsubclass: 0
usbprotocol: 0
usbbus: 3
usblevel: 1
usbport: 0
usbdev: 2
vendorId: 413c
deviceId: 1001
usbmfr: NMB
usbprod: Dell USB Keyboard Hub
-
class: OTHER
bus: PSAUX
detached: 0
driver: pcspkr
desc: "PC Speaker"
-
class: OTHER
bus: ISAPNP
detached: 0
desc: "PNP0200"
deviceId: PNP0200
-
class: OTHER
bus: ISAPNP
detached: 0
desc: "PNP0303"
deviceId: PNP0303
-
class: OTHER
bus: ISAPNP
detached: 0
driver: parport_pc
desc: "PNP0400"
deviceId: PNP0400
-
class: OTHER
bus: ISAPNP
detached: 0
desc: "PNP0700"
deviceId: PNP0700
-
class: OTHER
bus: ISAPNP
detached: 0
desc: "PNP0800"
deviceId: PNP0800
-
class: OTHER
bus: ISAPNP
detached: 0
desc: "PNP0a03"
deviceId: PNP0a03
-
class: OTHER
bus: ISAPNP
detached: 0
desc: "PNP0b00"
deviceId: PNP0b00
-
class: OTHER
bus: ISAPNP
detached: 0
desc: "PNP0c02"
deviceId: PNP0c02
-
class: OTHER
bus: ISAPNP
detached: 0
desc: "PNP0c04"
deviceId: PNP0c04
-
class: OTHER
bus: ISAPNP
detached: 0
desc: "PNP0f13"
deviceId: PNP0f13
-
class: OTHER
bus: ISAPNP
detached: 0
driver: ns558
desc: "PNPb02f"
deviceId: PNPb02f
-
class: NETWORK
bus: PCI
detached: 0
device: eth0
driver: e1000
desc: "Intel Corporation 82540EM Gigabit Ethernet Controller"
network.hwaddr: 00:e0:81:26:cb:e0
vendorId: 8086
deviceId: 100e
subVendorId: 10f1
subDeviceId: 1234
pciType: 1
pcidom:    0
pcibus:  2
pcidev:  3
pcifn:  0
-
class: MOUSE
bus: USB
detached: 0
device: input/mice
driver: genericwheelusb
desc: "Logitech Optical USB Mouse"
usbclass: 3
usbsubclass: 1
usbprotocol: 2
usbbus: 2
usblevel: 1
usbport: 0
usbdev: 2
vendorId: 046d
deviceId: c016
usbmfr: Logitech
usbprod: Optical USB Mouse
-
class: AUDIO
bus: ISAPNP
detached: 0
driver: snd-mpu401
desc: "PNPb006"
deviceId: PNPb006
-
class: CDROM
bus: IDE
detached: 0
device: hda
desc: "LITE-ON DVDRW LDW-451S"
-
class: VIDEO
bus: PCI
detached: 0
driver: rivafb
desc: "nVidia Corporation NV15 [GeForce2 GTS/Pro]"
video.xdriver: nv
vendorId: 10de
deviceId: 0150
subVendorId: 10de
subDeviceId: 002e
pciType: 1
pcidom:    0
pcibus:  1
pcidev:  0
pcifn:  0
-
class: HD
bus: SCSI
detached: 0
device: sda
desc: "Adaptec Mirro01"
host: 0
id: 0
channel: 0
lun: 0
-
class: HD
bus: SCSI
detached: 0
device: sdb
desc: "Adaptec Stripe45"
host: 0
id: 2
channel: 0
lun: 0
-
class: HD
bus: SCSI
detached: 0
device: sg2
desc: "ST310005 28AS"
host: 0
id: 0
channel: 1
lun: 0
-
class: HD
bus: SCSI
detached: 0
device: sg3
desc: "ST310005 28AS"
host: 0
id: 1
channel: 1
lun: 0
-
class: HD
bus: SCSI
detached: 0
device: sg4
desc: "ST310005 28AS"
host: 0
id: 2
channel: 1
lun: 0
-
class: HD
bus: SCSI
detached: 0
device: sg5
desc: "ST310005 28AS"
host: 0
id: 3
channel: 1
lun: 0
-
class: HD
bus: SCSI
detached: 0
device: sg6
desc: "ST310005 28AS"
host: 0
id: 4
channel: 1
lun: 0
-
class: HD
bus: SCSI
detached: 0
device: sg7
desc: "ST310005 28AS"
host: 0
id: 5
channel: 1
lun: 0
-
class: RAID
bus: PCI
detached: 0
driver: aacraid
desc: "Adaptec AAC-RAID"
vendorId: 9005
deviceId: 0285
subVendorId: 103c
subDeviceId: 3227
pciType: 1
pcidom:    0
pcibus:  2
pcidev:  8
pcifn:  0
-
class: KEYBOARD
bus: USB
detached: 0
driver: keybdev
desc: "NMB Dell USB 7HK Keyboard"
usbclass: 3
usbsubclass: 1
usbprotocol: 1
usbbus: 3
usblevel: 2
usbport: 0
usbdev: 3
vendorId: 413c
deviceId: 2001
usbmfr: NMB
usbprod: Dell USB 7HK Keyboard
-
class: USB
bus: PCI
detached: 0
driver: ehci-hcd
desc: "Intel Corporation 82801DB/DBM (ICH4/ICH4-M) USB2 EHCI Controller"
vendorId: 8086
deviceId: 24cd
subVendorId: 10f1
subDeviceId: 2668
pciType: 1
pcidom:    0
pcibus:  0
pcidev: 1d
pcifn:  7
-
class: USB
bus: PCI
detached: 0
driver: uhci-hcd
desc: "Intel Corporation 82801DB/DBL/DBM (ICH4/ICH4-L/ICH4-M) USB UHCI Controller #3"
vendorId: 8086
deviceId: 24c7
subVendorId: 10f1
subDeviceId: 2668
pciType: 1
pcidom:    0
pcibus:  0
pcidev: 1d
pcifn:  2
-
class: USB
bus: PCI
detached: 0
driver: uhci-hcd
desc: "Intel Corporation 82801DB/DBL/DBM (ICH4/ICH4-L/ICH4-M) USB UHCI Controller #2"
vendorId: 8086
deviceId: 24c4
subVendorId: 10f1
subDeviceId: 2668
pciType: 1
pcidom:    0
pcibus:  0
pcidev: 1d
pcifn:  1
-
class: USB
bus: PCI
detached: 0
driver: uhci-hcd
desc: "Intel Corporation 82801DB/DBL/DBM (ICH4/ICH4-L/ICH4-M) USB UHCI Controller #1"
vendorId: 8086
deviceId: 24c2
subVendorId: 10f1
subDeviceId: 2668
pciType: 1
pcidom:    0
pcibus:  0
pcidev: 1d
pcifn:  0
-
class: IDE
bus: PCI
detached: 0
driver: ata_piix
desc: "Intel Corporation 82801DB (ICH4) IDE Controller"
vendorId: 8086
deviceId: 24cb
subVendorId: 10f1
subDeviceId: 2668
pciType: 1
pcidom:    0
pcibus:  0
pcidev: 1f
pcifn:  1

------- dmesg --------
Linux version 2.6.18-128.el5 (mockbuild@builder16.centos.org) (gcc version 4.1.2 20080704 (Red Hat 4.1.2-44)) #1 SMP Wed Jan 21 10:44:23 EST 2009
BIOS-provided physical RAM map:
 BIOS-e820: 0000000000000000 - 000000000009e400 (usable)
 BIOS-e820: 000000000009e400 - 00000000000a0000 (reserved)
 BIOS-e820: 00000000000cc000 - 00000000000d0000 (reserved)
 BIOS-e820: 00000000000e0000 - 0000000000100000 (reserved)
 BIOS-e820: 0000000000100000 - 000000007ff70000 (usable)
 BIOS-e820: 000000007ff70000 - 000000007ff7c000 (ACPI data)
 BIOS-e820: 000000007ff7c000 - 000000007ff80000 (ACPI NVS)
 BIOS-e820: 000000007ff80000 - 0000000080000000 (reserved)
 BIOS-e820: 00000000fec00000 - 00000000fec10000 (reserved)
 BIOS-e820: 00000000fee00000 - 00000000fee01000 (reserved)
 BIOS-e820: 00000000ff800000 - 00000000ffc00000 (reserved)
 BIOS-e820: 00000000fff00000 - 0000000100000000 (reserved)
1151MB HIGHMEM available.
896MB LOWMEM available.
found SMP MP-table at 000f6540
Memory for crash kernel (0x0 to 0x0) notwithin permissible range
disabling kdump
Using x86 segment limits to approximate NX protection
On node 0 totalpages: 524144
  DMA zone: 4096 pages, LIFO batch:0
  Normal zone: 225280 pages, LIFO batch:31
  HighMem zone: 294768 pages, LIFO batch:31
DMI present.
Using APIC driver default
ACPI: RSDP (v000 PTLTD                                 ) @ 0x000f64a0
ACPI: RSDT (v001 PTLTD    RSDT   0x06040000  LTP 0x00000000) @ 0x7ff7876a
ACPI: FADT (v001 INTEL  PLACER   0x06040000 PTL  0x00000008) @ 0x7ff7bee0
ACPI: MADT (v001 PTLTD  	 APIC   0x06040000  LTP 0x00000000) @ 0x7ff7bf54
ACPI: BOOT (v001 PTLTD  $SBFTBL$ 0x06040000  LTP 0x00000001) @ 0x7ff7bfd8
ACPI: DSDT (v001   TYAN    S2668 0x06040000 MSFT 0x0100000d) @ 0x00000000
ACPI: PM-Timer IO Port: 0x1008
ACPI: Local APIC address 0xfee00000
ACPI: LAPIC (acpi_id[0x00] lapic_id[0x00] enabled)
Processor #0 15:2 APIC version 20
ACPI: LAPIC (acpi_id[0x01] lapic_id[0x06] enabled)
Processor #6 15:2 APIC version 20
ACPI: LAPIC (acpi_id[0x02] lapic_id[0x07] enabled)
Processor #7 15:2 APIC version 20
ACPI: LAPIC (acpi_id[0x03] lapic_id[0x01] enabled)
Processor #1 15:2 APIC version 20
ACPI: LAPIC_NMI (acpi_id[0x00] high edge lint[0x1])
ACPI: LAPIC_NMI (acpi_id[0x01] high edge lint[0x1])
ACPI: LAPIC_NMI (acpi_id[0x02] high edge lint[0x1])
ACPI: LAPIC_NMI (acpi_id[0x03] high edge lint[0x1])
ACPI: IOAPIC (id[0x02] address[0xfec00000] gsi_base[0])
IOAPIC[0]: apic_id 2, version 32, address 0xfec00000, GSI 0-23
ACPI: INT_SRC_OVR (bus 0 bus_irq 0 global_irq 2 high edge)
ACPI: INT_SRC_OVR (bus 0 bus_irq 9 global_irq 9 high level)
ACPI: IRQ0 used by override.
ACPI: IRQ2 used by override.
ACPI: IRQ9 used by override.
Enabling APIC mode:  Flat.  Using 1 I/O APICs
Using ACPI (MADT) for SMP configuration information
Allocating PCI resources starting at 88000000 (gap: 80000000:7ec00000)
Detected 3065.995 MHz processor.
Built 1 zonelists.  Total pages: 524144
Kernel command line: ro root=/dev/VolGroup00/lvroot rhgb quiet
mapped APIC to ffffd000 (fee00000)
mapped IOAPIC to ffffc000 (fec00000)
Enabling fast FPU save and restore... done.
Enabling unmasked SIMD FPU exception support... done.
Initializing CPU#0
CPU 0 irqstacks, hard=c0754000 soft=c0734000
PID hash table entries: 4096 (order: 12, 16384 bytes)
Console: colour VGA+ 80x25
Dentry cache hash table entries: 131072 (order: 7, 524288 bytes)
Inode-cache hash table entries: 65536 (order: 6, 262144 bytes)
Memory: 2070720k/2096576k available (2122k kernel code, 24580k reserved, 884k data, 228k init, 1179072k highmem)
Checking if this processor honours the WP bit even in supervisor mode... Ok.
Calibrating delay using timer specific routine.. 6134.14 BogoMIPS (lpj=3067072)
Security Framework v1.0.0 initialized
SELinux:  Initializing.
SELinux:  Starting in permissive mode
selinux_register_security:  Registering secondary module capability
Capability LSM initialized as secondary
Mount-cache hash table entries: 512
CPU: After generic identify, caps: bfebfbff 00000000 00000000 00000000 00004400 00000000 00000000
CPU: After vendor identify, caps: bfebfbff 00000000 00000000 00000000 00004400 00000000 00000000
CPU: Trace cache: 12K uops, L1 D cache: 8K
CPU: L2 cache: 512K
CPU: Physical Processor ID: 0
CPU: After all inits, caps: bfebf3ff 00000000 00000000 00000080 00004400 00000000 00000000
Intel machine check architecture supported.
Intel machine check reporting enabled on CPU#0.
CPU0: Intel P4/Xeon Extended MCE MSRs (12) available
CPU0: Thermal monitoring enabled
Checking 'hlt' instruction... OK.
SMP alternatives: switching to UP code
ACPI: Core revision 20060707
CPU0: Intel(R) Xeon(TM) CPU 3.06GHz stepping 09
SMP alternatives: switching to SMP code
Booting processor 1/1 eip 3000
CPU 1 irqstacks, hard=c0755000 soft=c0735000
Initializing CPU#1
Calibrating delay using timer specific routine.. 6130.72 BogoMIPS (lpj=3065360)
CPU: After generic identify, caps: bfebfbff 00000000 00000000 00000000 00004400 00000000 00000000
CPU: After vendor identify, caps: bfebfbff 00000000 00000000 00000000 00004400 00000000 00000000
CPU: Trace cache: 12K uops, L1 D cache: 8K
CPU: L2 cache: 512K
CPU: Physical Processor ID: 0
CPU: After all inits, caps: bfebf3ff 00000000 00000000 00000080 00004400 00000000 00000000
Intel machine check architecture supported.
Intel machine check reporting enabled on CPU#1.
CPU1: Intel P4/Xeon Extended MCE MSRs (12) available
CPU1: Thermal monitoring enabled
CPU1: Intel(R) Xeon(TM) CPU 3.06GHz stepping 09
SMP alternatives: switching to SMP code
Booting processor 2/6 eip 3000
CPU 2 irqstacks, hard=c0756000 soft=c0736000
Initializing CPU#2
Calibrating delay using timer specific routine.. 6130.76 BogoMIPS (lpj=3065383)
CPU: After generic identify, caps: bfebfbff 00000000 00000000 00000000 00004400 00000000 00000000
CPU: After vendor identify, caps: bfebfbff 00000000 00000000 00000000 00004400 00000000 00000000
CPU: Trace cache: 12K uops, L1 D cache: 8K
CPU: L2 cache: 512K
CPU: Physical Processor ID: 3
CPU: After all inits, caps: bfebf3ff 00000000 00000000 00000080 00004400 00000000 00000000
Intel machine check architecture supported.
Intel machine check reporting enabled on CPU#2.
CPU2: Intel P4/Xeon Extended MCE MSRs (12) available
CPU2: Thermal monitoring enabled
CPU2: Intel(R) Xeon(TM) CPU 3.06GHz stepping 09
SMP alternatives: switching to SMP code
Booting processor 3/7 eip 3000
CPU 3 irqstacks, hard=c0757000 soft=c0737000
Initializing CPU#3
Calibrating delay using timer specific routine.. 6130.79 BogoMIPS (lpj=3065396)
CPU: After generic identify, caps: bfebfbff 00000000 00000000 00000000 00004400 00000000 00000000
CPU: After vendor identify, caps: bfebfbff 00000000 00000000 00000000 00004400 00000000 00000000
CPU: Trace cache: 12K uops, L1 D cache: 8K
CPU: L2 cache: 512K
CPU: Physical Processor ID: 3
CPU: After all inits, caps: bfebf3ff 00000000 00000000 00000080 00004400 00000000 00000000
Intel machine check architecture supported.
Intel machine check reporting enabled on CPU#3.
CPU3: Intel P4/Xeon Extended MCE MSRs (12) available
CPU3: Thermal monitoring enabled
CPU3: Intel(R) Xeon(TM) CPU 3.06GHz stepping 09
Total of 4 processors activated (24526.42 BogoMIPS).
ENABLING IO-APIC IRQs
..TIMER: vector=0x31 apic1=0 pin1=2 apic2=-1 pin2=-1
checking TSC synchronization across 4 CPUs: passed.
Brought up 4 CPUs
sizeof(vma)=84 bytes
sizeof(page)=32 bytes
sizeof(inode)=340 bytes
sizeof(dentry)=136 bytes
sizeof(ext3inode)=492 bytes
sizeof(buffer_head)=52 bytes
sizeof(skbuff)=172 bytes
migration_cost=98,578
checking if image is initramfs... it is
Freeing initrd memory: 3158k freed
NET: Registered protocol family 16
No dock devices found.
ACPI: bus type pci registered
PCI: PCI BIOS revision 2.10 entry at 0xfd915, last bus=2
PCI: Using configuration type 1
Setting up standard PCI resources
ACPI: Interpreter enabled
ACPI: Using IOAPIC for interrupt routing
ACPI: PCI Root Bridge [PCI0] (0000:00)
* The chipset may have PM-Timer Bug. Due to workarounds for a bug,
* this clock source is slow. If you are sure your timer does not have
* this bug, please use "acpi_pm_good" to disable the workaround
PCI quirk: region 1000-107f claimed by ICH4 ACPI/GPIO/TCO
PCI quirk: region 1180-11bf claimed by ICH4 GPIO
PCI: Ignoring BAR0-3 of IDE controller 0000:00:1f.1
Boot video device is 0000:01:00.0
PCI: Transparent bridge - 0000:00:1e.0
ACPI: PCI Interrupt Routing Table [\_SB_.PCI0._PRT]
ACPI: PCI Interrupt Link [LNKA] (IRQs 3 4 *5 6 7 9 10 11 14 15)
ACPI: PCI Interrupt Link [LNKB] (IRQs 3 4 5 6 7 9 10 *11 14 15)
ACPI: PCI Interrupt Link [LNKC] (IRQs 3 4 5 6 7 9 10 *11 14 15)
ACPI: PCI Interrupt Link [LNKD] (IRQs 3 4 5 6 7 9 10 *11 14 15)
ACPI: PCI Interrupt Link [LNKE] (IRQs 3 4 5 6 7 9 10 11 14 15) *0, disabled.
ACPI: PCI Interrupt Link [LNKF] (IRQs 3 4 5 6 7 9 10 11 14 15) *0, disabled.
ACPI: PCI Interrupt Link [LNKG] (IRQs 3 4 5 6 7 9 10 11 14 15) *0, disabled.
ACPI: PCI Interrupt Link [LNKH] (IRQs 3 4 5 6 7 9 10 *11 14 15)
ACPI: PCI Interrupt Routing Table [\_SB_.PCI0.ICH4._PRT]
ACPI: PCI Interrupt Routing Table [\_SB_.PCI0.AGP_._PRT]
Linux Plug and Play Support v0.97 (c) Adam Belay
pnp: PnP ACPI init
pnp: PnP ACPI: found 13 devices
usbcore: registered new driver usbfs
usbcore: registered new driver hub
PCI: Using ACPI for IRQ routing
PCI: If a device doesn't work, try "pci=routeirq".  If it helps, post a report
NetLabel: Initializing
NetLabel:  domain hash size = 128
NetLabel:  protocols = UNLABELED CIPSOv4
NetLabel:  unlabeled traffic allowed by default
PCI: mem resource #6:10000@f8000000 for 0000:01:00.0 was not allocated.
PCI: Bridge: 0000:00:01.0
  IO window: disabled.
  MEM window: d9000000-d9ffffff
  PREFETCH window: f0000000-f7ffffff
PCI: Bridge: 0000:00:1e.0
  IO window: 2000-2fff
  MEM window: da000000-da0fffff
  PREFETCH window: f8000000-fbffffff
PCI: Setting latency timer of device 0000:00:1e.0 to 64
NET: Registered protocol family 2
IP route cache hash table entries: 32768 (order: 5, 131072 bytes)
TCP established hash table entries: 131072 (order: 8, 1048576 bytes)
TCP bind hash table entries: 65536 (order: 7, 524288 bytes)
TCP: Hash tables configured (established 131072 bind 65536)
TCP reno registered
Simple Boot Flag at 0x36 set to 0x1
apm: BIOS version 1.2 Flags 0x03 (Driver version 1.16ac)
apm: disabled - APM is not SMP safe.
audit: initializing netlink socket (disabled)
type=2000 audit(1253638714.063:1): initialized
highmem bounce pool size: 64 pages
Total HugeTLB memory allocated, 0
VFS: Disk quotas dquot_6.5.1
Dquot-cache hash table entries: 1024 (order 0, 4096 bytes)
SELinux:  Registering netfilter hooks
Initializing Cryptographic API
alg: No test for crc32c (crc32c-generic)
ksign: Installing public key data
Loading keyring
- Added public key 4F03F897CD3DCED2
- User ID: CentOS (Kernel Module GPG key)
io scheduler noop registered
io scheduler anticipatory registered
io scheduler deadline registered
io scheduler cfq registered (default)
pci_hotplug: PCI Hot Plug PCI Core version: 0.5
Real Time Clock Driver v1.12ac
Non-volatile memory driver v1.2
Linux agpgart interface v0.101 (c) Dave Jones
agpgart: Detected an Intel E7505 Chipset.
agpgart: AGP aperture is 128M @ 0xe0000000
Serial: 8250/16550 driver $Revision: 1.90 $ 4 ports, IRQ sharing enabled
RAMDISK driver initialized: 16 RAM disks of 16384K size 4096 blocksize
Uniform Multi-Platform E-IDE driver Revision: 7.00alpha2
ide: Assuming 33MHz system bus speed for PIO modes; override with idebus=xx
ICH4: IDE controller at PCI slot 0000:00:1f.1
ACPI: PCI Interrupt 0000:00:1f.1[A] -> GSI 18 (level, low) -> IRQ 169
ICH4: chipset revision 2
ICH4: not 100% native mode: will probe irqs later
    ide0: BM-DMA at 0x1480-0x1487, BIOS settings: hda:DMA, hdb:pio
    ide1: BM-DMA at 0x1488-0x148f, BIOS settings: hdc:pio, hdd:pio
Probing IDE interface ide0...
hda: LITE-ON DVDRW LDW-451S, ATAPI CD/DVD-ROM drive
ide0 at 0x1f0-0x1f7,0x3f6 on irq 14
Probing IDE interface ide1...
Probing IDE interface ide1...
ide-floppy driver 0.99.newide
usbcore: registered new driver hiddev
usbcore: registered new driver usbhid
drivers/usb/input/hid-core.c: v2.6:USB HID core driver
PNP: PS/2 Controller [PNP0303:KBC0,PNP0f13:MSE0] at 0x60,0x64 irq 1,12
serio: i8042 KBD port at 0x60,0x64 irq 1
mice: PS/2 mouse device common for all mice
md: md driver 0.90.3 MAX_MD_DEVS=256, MD_SB_DISKS=27
md: bitmap version 4.39
TCP bic registered
Initializing IPsec netlink socket
NET: Registered protocol family 1
NET: Registered protocol family 17
Using IPI No-Shortcut mode
ACPI: (supports S0 S1 S4 S5)
Freeing unused kernel memory: 228k freed
Write protecting the kernel read-only data: 397k
Time: tsc clocksource has been installed.
ACPI: PCI Interrupt 0000:00:1d.7[D] -> GSI 23 (level, low) -> IRQ 177
PCI: Setting latency timer of device 0000:00:1d.7 to 64
ehci_hcd 0000:00:1d.7: EHCI Host Controller
ehci_hcd 0000:00:1d.7: new USB bus registered, assigned bus number 1
ehci_hcd 0000:00:1d.7: debug port 1
PCI: cache line size of 128 is not supported by device 0000:00:1d.7
ehci_hcd 0000:00:1d.7: irq 177, io mem 0xd8000000
ehci_hcd 0000:00:1d.7: USB 2.0 started, EHCI 1.00, driver 10 Dec 2004
usb usb1: configuration #1 chosen from 1 choice
hub 1-0:1.0: USB hub found
hub 1-0:1.0: 6 ports detected
ohci_hcd: 2005 April 22 USB 1.1 'Open' Host Controller (OHCI) Driver (PCI)
USB Universal Host Controller Interface driver v3.0
ACPI: PCI Interrupt 0000:00:1d.0[A] -> GSI 16 (level, low) -> IRQ 185
PCI: Setting latency timer of device 0000:00:1d.0 to 64
uhci_hcd 0000:00:1d.0: UHCI Host Controller
uhci_hcd 0000:00:1d.0: new USB bus registered, assigned bus number 2
uhci_hcd 0000:00:1d.0: irq 185, io base 0x00001400
usb usb2: configuration #1 chosen from 1 choice
hub 2-0:1.0: USB hub found
hub 2-0:1.0: 2 ports detected
ACPI: PCI Interrupt 0000:00:1d.1[B] -> GSI 19 (level, low) -> IRQ 193
PCI: Setting latency timer of device 0000:00:1d.1 to 64
uhci_hcd 0000:00:1d.1: UHCI Host Controller
uhci_hcd 0000:00:1d.1: new USB bus registered, assigned bus number 3
uhci_hcd 0000:00:1d.1: irq 193, io base 0x00001420
usb usb3: configuration #1 chosen from 1 choice
hub 3-0:1.0: USB hub found
hub 3-0:1.0: 2 ports detected
ACPI: PCI Interrupt 0000:00:1d.2[C] -> GSI 18 (level, low) -> IRQ 169
PCI: Setting latency timer of device 0000:00:1d.2 to 64
uhci_hcd 0000:00:1d.2: UHCI Host Controller
uhci_hcd 0000:00:1d.2: new USB bus registered, assigned bus number 4
uhci_hcd 0000:00:1d.2: irq 169, io base 0x00001440
usb usb4: configuration #1 chosen from 1 choice
hub 4-0:1.0: USB hub found
hub 4-0:1.0: 2 ports detected
SCSI subsystem initialized
Adaptec aacraid driver 1.1-5[2455]
ACPI: PCI Interrupt 0000:02:08.0[A] -> GSI 19 (level, low) -> IRQ 193
PCI: Setting latency timer of device 0000:02:08.0 to 64
AAC0: kernel 4.2-1[7368] Mar 30 2005
AAC0: monitor 4.2-1[7368]
AAC0: bios 4.2-1[7368]
AAC0: serial BE5534
scsi0 : aacraid
  Vendor: Adaptec   Model: Mirro01           Rev: V1.0
  Type:   Direct-Access                      ANSI SCSI revision: 02
SCSI device sda: 1953457408 512-byte hdwr sectors (1000170 MB)
sda: Write Protect is off
sda: Mode Sense: 06 00 10 00
SCSI device sda: drive cache: write back w/ FUA
SCSI device sda: 1953457408 512-byte hdwr sectors (1000170 MB)
sda: Write Protect is off
sda: Mode Sense: 06 00 10 00
SCSI device sda: drive cache: write back w/ FUA
 sda: sda1 sda2
sd 0:0:0:0: Attached scsi removable disk sda
  Vendor: Adaptec   Model: Stripe45          Rev: V1.0
  Type:   Direct-Access                      ANSI SCSI revision: 02
SCSI device sdb: 3904897024 512-byte hdwr sectors (1999307 MB)
sdb: Write Protect is off
sdb: Mode Sense: 06 00 10 00
SCSI device sdb: drive cache: write back w/ FUA
SCSI device sdb: 3904897024 512-byte hdwr sectors (1999307 MB)
sdb: Write Protect is off
sdb: Mode Sense: 06 00 10 00
SCSI device sdb: drive cache: write back w/ FUA
 sdb:
sd 0:0:2:0: Attached scsi removable disk sdb
  Vendor: ST310005  Model: 28AS              Rev: CC34
  Type:   Direct-Access                      ANSI SCSI revision: 02
  Vendor: ST310005  Model: 28AS              Rev: CC34
  Type:   Direct-Access                      ANSI SCSI revision: 02
  Vendor: ST310005  Model: 28AS              Rev: CC34
  Type:   Direct-Access                      ANSI SCSI revision: 02
  Vendor: ST310005  Model: 28AS              Rev: CC34
  Type:   Direct-Access                      ANSI SCSI revision: 02
  Vendor: ST310005  Model: 28AS              Rev: CC34
  Type:   Direct-Access                      ANSI SCSI revision: 02
  Vendor: ST310005  Model: 28AS              Rev: CC34
  Type:   Direct-Access                      ANSI SCSI revision: 02
usb 2-1: new low speed USB device using uhci_hcd and address 2
libata version 3.00 loaded.
device-mapper: uevent: version 1.0.3
device-mapper: ioctl: 4.11.5-ioctl (2007-12-12) initialised: dm-devel@redhat.com
device-mapper: dm-raid45: initialized v0.2429
usb 2-1: configuration #1 chosen from 1 choice
input: Logitech Optical USB Mouse as /class/input/input0
input: USB HID v1.10 Mouse [Logitech Optical USB Mouse] on usb-0000:00:1d.0-1
usb 3-1: new full speed USB device using uhci_hcd and address 2
usb 3-1: configuration #1 chosen from 1 choice
hub 3-1:1.0: USB hub found
hub 3-1:1.0: 3 ports detected
usb 3-1.1: new full speed USB device using uhci_hcd and address 3
usb 3-1.1: configuration #1 chosen from 1 choice
input: NMB Dell USB 7HK Keyboard as /class/input/input1
input: USB HID v1.00 Keyboard [NMB Dell USB 7HK Keyboard] on usb-0000:00:1d.1-1.1
input: NMB Dell USB 7HK Keyboard as /class/input/input2
input,hiddev96: USB HID v1.00 Device [NMB Dell USB 7HK Keyboard] on usb-0000:00:1d.1-1.1
SCSI device sda: 1953457408 512-byte hdwr sectors (1000170 MB)
sda: Write Protect is off
sda: Mode Sense: 06 00 10 00
SCSI device sda: drive cache: write back w/ FUA
sda: detected capacity change from 0 to 1000170192896
kjournald starting.  Commit interval 5 seconds
EXT3-fs: mounted filesystem with ordered data mode.
type=1404 audit(1253638739.270:2): enforcing=1 old_enforcing=0 auid=4294967295 ses=4294967295
security:  3 users, 6 roles, 1914 types, 234 bools, 1 sens, 1024 cats
security:  61 classes, 69080 rules
SELinux:  Completing initialization.
SELinux:  Setting up existing superblocks.
SELinux: initialized (dev dm-0, type ext3), uses xattr
SELinux: initialized (dev usbfs, type usbfs), uses genfs_contexts
SELinux: initialized (dev tmpfs, type tmpfs), uses transition SIDs
SELinux: initialized (dev debugfs, type debugfs), uses genfs_contexts
SELinux: initialized (dev selinuxfs, type selinuxfs), uses genfs_contexts
SELinux: initialized (dev mqueue, type mqueue), uses transition SIDs
SELinux: initialized (dev hugetlbfs, type hugetlbfs), uses genfs_contexts
SELinux: initialized (dev devpts, type devpts), uses transition SIDs
SELinux: initialized (dev eventpollfs, type eventpollfs), uses task SIDs
SELinux: initialized (dev inotifyfs, type inotifyfs), uses genfs_contexts
SELinux: initialized (dev tmpfs, type tmpfs), uses transition SIDs
SELinux: initialized (dev futexfs, type futexfs), uses genfs_contexts
SELinux: initialized (dev anon_inodefs, type anon_inodefs), uses genfs_contexts
SELinux: initialized (dev pipefs, type pipefs), uses task SIDs
SELinux: initialized (dev sockfs, type sockfs), uses task SIDs
SELinux: initialized (dev cpuset, type cpuset), uses genfs_contexts
SELinux: initialized (dev proc, type proc), uses genfs_contexts
SELinux: initialized (dev bdev, type bdev), uses genfs_contexts
SELinux: initialized (dev rootfs, type rootfs), uses genfs_contexts
SELinux: initialized (dev sysfs, type sysfs), uses genfs_contexts
type=1403 audit(1253638739.946:3): policy loaded auid=4294967295 ses=4294967295
input: PC Speaker as /class/input/input3
sd 0:0:0:0: Attached scsi generic sg0 type 0
sd 0:0:2:0: Attached scsi generic sg1 type 0
scsi 0:1:0:0: Attached scsi generic sg2 type 0
scsi 0:1:1:0: Attached scsi generic sg3 type 0
scsi 0:1:2:0: Attached scsi generic sg4 type 0
scsi 0:1:3:0: Attached scsi generic sg5 type 0
scsi 0:1:4:0: Attached scsi generic sg6 type 0
scsi 0:1:5:0: Attached scsi generic sg7 type 0
Intel(R) PRO/1000 Network Driver - version 7.3.20-k2-NAPI
Copyright (c) 1999-2006 Intel Corporation.
ACPI: PCI Interrupt 0000:02:03.0[A] -> GSI 18 (level, low) -> IRQ 169
e1000: 0000:02:03.0: e1000_probe: (PCI:33MHz:32-bit) 00:e0:81:26:cb:e0
e1000: eth0: e1000_probe: Intel(R) PRO/1000 Network Connection
pnp: Device 00:0b activated.
gameport: NS558 PnP Gameport is pnp00:0b/gameport0, io 0x201, speed 764kHz
pnp: Device 00:0a activated.
parport: PnPBIOS parport detected.
parport0: PC-style at 0x378, irq 7 [PCSPP,TRISTATE,EPP]
intel_rng: FWH not detected
EDAC MC: Ver: 2.0.1 Jan 21 2009
Floppy drive(s): fd0 is 1.44M
ACPI: PCI Interrupt 0000:00:1f.3[B] -> GSI 17 (level, low) -> IRQ 201
pnp: Device 00:0c activated.
hda: ATAPI 40X DVD-ROM CD-R/RW drive, 2048kB Cache, UDMA(33)
Uniform CD-ROM driver Revision: 3.20
floppy0: no floppy controllers found
Floppy drive(s): fd0 is 1.44M
floppy0: no floppy controllers found
lp0: using parport0 (interrupt-driven).
lp0: console ready
SELinux: initialized (dev ramfs, type ramfs), uses genfs_contexts
NET: Registered protocol family 10
lo: Disabled Privacy Extensions
IPv6 over IPv4 tunneling driver
ACPI: Power Button (FF) [PWRF]
ACPI: Power Button (CM) [PWRB]
md: Autodetecting RAID arrays.
md: autorun ...
md: ... autorun DONE.
device-mapper: multipath: version 1.0.5 loaded
EXT3 FS on dm-0, internal journal
kjournald starting.  Commit interval 5 seconds
EXT3 FS on dm-1, internal journal
EXT3-fs: mounted filesystem with ordered data mode.
SELinux: initialized (dev dm-1, type ext3), uses xattr
kjournald starting.  Commit interval 5 seconds
EXT3 FS on dm-2, internal journal
EXT3-fs: mounted filesystem with ordered data mode.
SELinux: initialized (dev dm-2, type ext3), uses xattr
kjournald starting.  Commit interval 5 seconds
EXT3 FS on dm-3, internal journal
EXT3-fs: mounted filesystem with ordered data mode.
SELinux: initialized (dev dm-3, type ext3), uses xattr
kjournald starting.  Commit interval 5 seconds
EXT3 FS on sda1, internal journal
EXT3-fs: mounted filesystem with ordered data mode.
SELinux: initialized (dev sda1, type ext3), uses xattr
SELinux: initialized (dev tmpfs, type tmpfs), uses transition SIDs
Adding 4128760k swap on /dev/VolGroup00/LogVol01.  Priority:-1 extents:1 across:4128760k
SELinux: initialized (dev binfmt_misc, type binfmt_misc), uses genfs_contexts
IA-32 Microcode Update Driver: v1.14a <tigran@veritas.com>
microcode: CPU2 updated from revision 0x18 to 0x2d, date = 08112004 
microcode: CPU1 updated from revision 0x18 to 0x2d, date = 08112004 
microcode: CPU3 updated from revision 0x18 to 0x2d, date = 08112004 
microcode: CPU0 updated from revision 0x18 to 0x2d, date = 08112004 
ip6_tables: (C) 2000-2006 Netfilter Core Team
ip_tables: (C) 2000-2006 Netfilter Core Team
Netfilter messages via NETLINK v0.30.
ip_conntrack version 2.4 (8192 buckets, 65536 max) - 228 bytes per conntrack
ADDRCONF(NETDEV_UP): eth0: link is not ready
e1000: eth0: e1000_watchdog_task: NIC Link is Up 100 Mbps Full Duplex, Flow Control: RX
ADDRCONF(NETDEV_CHANGE): eth0: link becomes ready
eth0: no IPv6 routers present
SELinux: initialized (dev rpc_pipefs, type rpc_pipefs), uses genfs_contexts
Bluetooth: Core ver 2.10
NET: Registered protocol family 31
Bluetooth: HCI device and connection manager initialized
Bluetooth: HCI socket layer initialized
Bluetooth: L2CAP ver 2.8
Bluetooth: L2CAP socket layer initialized
Bluetooth: RFCOMM socket layer initialized
Bluetooth: RFCOMM TTY layer initialized
Bluetooth: RFCOMM ver 1.8
Bluetooth: HIDP (Human Interface Emulation) ver 1.1
SELinux: initialized (dev autofs, type autofs), uses genfs_contexts
SELinux: initialized (dev autofs, type autofs), uses genfs_contexts
SELinux: initialized (dev autofs, type autofs), uses genfs_contexts

